// Jest Snapshot v1, https://goo.gl/fbAQLP

exports[`matches snapshot 1`] = `
<DocumentFragment>
  <form>
    <label
      for="width"
    >
      Width:
    </label>
    <input
      id="width"
      max="500"
      min="100"
      name="width"
      placeholder="Width"
      type="number"
      value=""
    />
    <label
      for="height"
    >
      Height:
    </label>
    <input
      id="height"
      max="500"
      min="100"
      name="height"
      placeholder="Height"
      type="number"
      value=""
    />
    <label
      for="bgColor"
    >
      Background-color:
    </label>
    <input
      id="bgColor"
      name="bgColor"
      placeholder="background-color"
      type="color"
      value="#000000"
    />
    <button>
      Enter
    </button>
  </form>
</DocumentFragment>
`;
